
Discarded input sections

 .data          0x00000000        0x0 start.o
 .bss           0x00000000        0x0 start.o
 .data          0x00000000        0x0 cpu_init.o
 .bss           0x00000000        0x0 cpu_init.o
 .text          0x00000000        0x0 nand_boot.o
 .data          0x00000000        0x0 nand_boot.o
 .bss           0x00000000        0x0 nand_boot.o
 .data          0x00000000        0x0 lowlevel_init.o
 .bss           0x00000000        0x0 lowlevel_init.o
 .text          0x00000000        0x0 nand_ecc.o
 .data          0x00000000        0x0 nand_ecc.o
 .bss           0x00000000        0x0 nand_ecc.o
 .text.nand_correct_data
                0x00000000      0x120 nand_ecc.o
 .text          0x00000000        0x0 s3c64xx.o
 .text          0x00000000        0x0 ok6410_nand_spl.o
 .data          0x00000000        0x0 ok6410_nand_spl.o
 .bss           0x00000000        0x0 ok6410_nand_spl.o
 .text          0x00000000        0x0 nand_base.o
 .data          0x00000000      0x920 nand_base.o
 .bss           0x00000000        0x0 nand_base.o
 .text.generic_ffs
                0x00000000       0x54 nand_base.o
 .text.nand_bch_calculate_ecc
                0x00000000        0x8 nand_base.o
 .text.nand_bch_correct_data
                0x00000000        0x8 nand_base.o
 .text.nand_release_device
                0x00000000       0x18 nand_base.o
 .text.nand_read_byte16
                0x00000000       0x14 nand_base.o
 .text.nand_read_word
                0x00000000       0x10 nand_base.o
 .text.nand_verify_buf
                0x00000000       0x44 nand_base.o
 .text.nand_write_buf16
                0x00000000       0x34 nand_base.o
 .text.nand_read_buf16
                0x00000000       0x34 nand_base.o
 .text.nand_verify_buf16
                0x00000000       0x48 nand_base.o
 .text.nand_check_wp
                0x00000000       0x4c nand_base.o
 .text.nand_get_device
                0x00000000        0xc nand_base.o
 .text.nand_read_page_raw
                0x00000000       0x38 nand_base.o
 .text.nand_read_page_raw_syndrome
                0x00000000       0xd0 nand_base.o
 .text.nand_read_page_swecc
                0x00000000      0x110 nand_base.o
 .text.nand_read_subpage
                0x00000000      0x29c nand_base.o
 .text.nand_read_page_hwecc
                0x00000000      0x138 nand_base.o
 .text.nand_read_page_hwecc_oob_first
                0x00000000      0x13c nand_base.o
 .text.nand_read_page_syndrome
                0x00000000      0x124 nand_base.o
 .text.nand_read_oob_std
                0x00000000       0x44 nand_base.o
 .text.nand_read_oob_syndrome
                0x00000000      0x100 nand_base.o
 .text.nand_write_oob_std
                0x00000000       0x70 nand_base.o
 .text.nand_write_oob_syndrome
                0x00000000      0x1b0 nand_base.o
 .text.nand_write_page_raw
                0x00000000       0x34 nand_base.o
 .text.nand_write_page_raw_syndrome
                0x00000000       0xcc nand_base.o
 .text.nand_write_page_swecc
                0x00000000       0xbc nand_base.o
 .text.nand_write_page_hwecc
                0x00000000       0xc8 nand_base.o
 .text.nand_write_page_syndrome
                0x00000000       0xf0 nand_base.o
 .text.single_erase_cmd
                0x00000000       0x3c nand_base.o
 .text.multi_erase_cmd
                0x00000000       0x8c nand_base.o
 .text.nand_sync
                0x00000000       0x24 nand_base.o
 .text.nand_release
                0x00000000       0x44 nand_base.o
 .text.nand_scan_tail
                0x00000000      0x5c0 nand_base.o
 .text.nand_select_chip
                0x00000000       0x58 nand_base.o
 .text.nand_block_checkbad
                0x00000000       0x80 nand_base.o
 .text.nand_block_isbad
                0x00000000       0x40 nand_base.o
 .text.nand_block_markbad
                0x00000000       0x3c nand_base.o
 .text.nand_write_page
                0x00000000       0xc0 nand_base.o
 .text.nand_block_bad
                0x00000000      0x15c nand_base.o
 .text.nand_scan_ident
                0x00000000      0x790 nand_base.o
 .text.nand_scan
                0x00000000       0x24 nand_base.o
 .text.nand_fill_oob
                0x00000000      0x110 nand_base.o
 .text.nand_do_write_oob
                0x00000000      0x1b8 nand_base.o
 .text.nand_do_write_ops
                0x00000000      0x390 nand_base.o
 .text.nand_write_oob
                0x00000000       0xc8 nand_base.o
 .text.nand_write
                0x00000000       0xa8 nand_base.o
 .text.nand_transfer_oob
                0x00000000      0x110 nand_base.o
 .text.nand_default_block_markbad
                0x00000000      0x178 nand_base.o
 .text.nand_erase_nand
                0x00000000      0x400 nand_base.o
 .text.nand_erase
                0x00000000        0x8 nand_base.o
 .text.nand_wait
                0x00000000       0xd4 nand_base.o
 .text.nand_wait_ready
                0x00000000       0x4c nand_base.o
 .text.nand_do_read_ops
                0x00000000      0x40c nand_base.o
 .text.nand_read_oob
                0x00000000      0x2c4 nand_base.o
 .text.nand_read
                0x00000000       0xa8 nand_base.o
 .text.nand_command
                0x00000000      0x1dc nand_base.o
 .text.nand_command_lp
                0x00000000      0x268 nand_base.o
 .rodata        0x00000000       0x6c nand_base.o
 .rodata.str1.1
                0x00000000      0x286 nand_base.o

Memory Configuration

Name             Origin             Length             Attributes
*default*        0x00000000         0xffffffff

Linker script and memory map

                0x00000000                . = 0x0
                0x00000000                . = ALIGN (0x4)

.text           0x00000000      0x488
 start.o(.text)
 .text          0x00000000      0x180 start.o
                0x00000000                _start
                0x00000040                _end_vect
                0x00000040                _TEXT_BASE
                0x00000048                _bss_start_ofs
                0x0000004c                _bss_end_ofs
                0x00000050                _end_ofs
                0x00000054                IRQ_STACK_START_IN
                0x00000088                relocate_code
 cpu_init.o(.text)
 .text          0x00000180      0x124 cpu_init.o
                0x00000180                mem_ctrl_asm_init
 nand_boot.o(.text)
 *(.text)
 .text          0x000002a4      0x1e4 lowlevel_init.o
                0x000002a8                lowlevel_init

.glue_7         0x00000488        0x0
 .glue_7        0x00000000        0x0 linker stubs

.glue_7t        0x00000488        0x0
 .glue_7t       0x00000000        0x0 linker stubs

.vfp11_veneer   0x00000488        0x0
 .vfp11_veneer  0x00000000        0x0 linker stubs

.v4_bx          0x00000488        0x0
 .v4_bx         0x00000000        0x0 linker stubs

.text.T.54      0x00000488       0xf0
 .text.T.54     0x00000488       0xf0 nand_boot.o

.text.nand_load
                0x00000578      0x174
 .text.nand_load
                0x00000578      0x174 nand_boot.o

.text.nand_boot
                0x000006ec       0x9c
 .text.nand_boot
                0x000006ec       0x9c nand_boot.o
                0x000006ec                nand_boot

.text.s3c_nand_select_chip
                0x00000788       0x40
 .text.s3c_nand_select_chip
                0x00000788       0x40 s3c64xx.o

.text.s3c_nand_hwcontrol
                0x000007c8       0x68
 .text.s3c_nand_hwcontrol
                0x000007c8       0x68 s3c64xx.o

.text.s3c_nand_device_ready
                0x00000830       0x14
 .text.s3c_nand_device_ready
                0x00000830       0x14 s3c64xx.o

.text.s3c_nand_enable_hwecc
                0x00000844       0x40
 .text.s3c_nand_enable_hwecc
                0x00000844       0x40 s3c64xx.o

.text.s3c_nand_calculate_ecc
                0x00000884       0x3c
 .text.s3c_nand_calculate_ecc
                0x00000884       0x3c s3c64xx.o

.text.s3c_nand_correct_data
                0x000008c0       0x68
 .text.s3c_nand_correct_data
                0x000008c0       0x68 s3c64xx.o

.text.board_nand_init
                0x00000928       0xf4
 .text.board_nand_init
                0x00000928       0xf4 s3c64xx.o
                0x00000928                board_nand_init

.text.board_init_f
                0x00000a1c       0x14
 .text.board_init_f
                0x00000a1c       0x14 ok6410_nand_spl.o
                0x00000a1c                board_init_f

.text.nand_read_byte
                0x00000a30       0x14
 .text.nand_read_byte
                0x00000a30       0x14 nand_base.o
                0x00000a30                nand_read_byte

.text.nand_write_buf
                0x00000a44       0x2c
 .text.nand_write_buf
                0x00000a44       0x2c nand_base.o
                0x00000a44                nand_write_buf

.text.nand_read_buf
                0x00000a70       0x2c
 .text.nand_read_buf
                0x00000a70       0x2c nand_base.o
                0x00000a70                nand_read_buf
                0x00000a9c                . = ALIGN (0x4)

.rodata
 *(SORT(.rodata*))
                0x00000a9c                . = ALIGN (0x4)

.data           0x00000a9c        0x8
 *(.data)
 .data          0x00000a9c        0x8 s3c64xx.o
                0x00000aa4                . = ALIGN (0x4)

.got
 *(.got)
                0x00000aa4                __u_boot_cmd_start = .

.u_boot_cmd
 *(.u_boot_cmd)
                0x00000aa4                __u_boot_cmd_end = .
                0x00000aa4                . = ALIGN (0x4)

.rel.dyn        0x00000aa4        0x0
                0x00000aa4                __rel_dyn_start = .
 *(.rel*)
                0x00000aa4                __rel_dyn_end = .

.dynsym         0x00000aa4        0x0
                0x00000aa4                __dynsym_start = .
 *(.dynsym)
                0x00000aa4                _end = .

.bss            0x00000aa4        0x4
                0x00000aa4                __bss_start = .
 *(.bss)
 .bss           0x00000aa4        0x4 s3c64xx.o
                0x00000aa8                . = ALIGN (0x4)
                0x00000aa8                __bss_end__ = .
Address of section .text set to 0x0
LOAD start.o
LOAD cpu_init.o
LOAD lowlevel_init.o
LOAD nand_boot.o
LOAD nand_ecc.o
LOAD s3c64xx.o
LOAD ok6410_nand_spl.o
LOAD nand_base.o
OUTPUT(/home/wanli/OK6410/uboot/nand_spl/u-boot-spl elf32-littlearm)

.ARM.attributes
                0x00000000       0x26
 .ARM.attributes
                0x00000000       0x1a start.o
 .ARM.attributes
                0x0000001a       0x1a cpu_init.o
 .ARM.attributes
                0x00000034       0x2a nand_boot.o
 .ARM.attributes
                0x0000005e       0x1a lowlevel_init.o
 .ARM.attributes
                0x00000078       0x2a nand_ecc.o
 .ARM.attributes
                0x000000a2       0x2a s3c64xx.o
 .ARM.attributes
                0x000000cc       0x2a ok6410_nand_spl.o
 .ARM.attributes
                0x000000f6       0x2a nand_base.o

.comment        0x00000000       0xd2
 .comment       0x00000000       0x2a nand_boot.o
 .comment       0x0000002a       0x2a nand_ecc.o
 .comment       0x00000054       0x2a s3c64xx.o
 .comment       0x0000007e       0x2a ok6410_nand_spl.o
 .comment       0x000000a8       0x2a nand_base.o

.note.GNU-stack
                0x00000000        0x0
 .note.GNU-stack
                0x00000000        0x0 nand_boot.o
 .note.GNU-stack
                0x00000000        0x0 nand_ecc.o
 .note.GNU-stack
                0x00000000        0x0 s3c64xx.o
 .note.GNU-stack
                0x00000000        0x0 ok6410_nand_spl.o
 .note.GNU-stack
                0x00000000        0x0 nand_base.o

.debug_line     0x00000000     0x15d1
 .debug_line    0x00000000       0x88 start.o
 .debug_line    0x00000088       0x7c cpu_init.o
 .debug_line    0x00000104      0x1e4 nand_boot.o
 .debug_line    0x000002e8       0xaf lowlevel_init.o
 .debug_line    0x00000397      0x14f nand_ecc.o
 .debug_line    0x000004e6      0x220 s3c64xx.o
 .debug_line    0x00000706       0xcf ok6410_nand_spl.o
 .debug_line    0x000007d5      0xdfc nand_base.o

.debug_info     0x00000000     0x7748
 .debug_info    0x00000000       0x68 start.o
 .debug_info    0x00000068       0x6b cpu_init.o
 .debug_info    0x000000d3     0x165c nand_boot.o
 .debug_info    0x0000172f       0x70 lowlevel_init.o
 .debug_info    0x0000179f      0xb39 nand_ecc.o
 .debug_info    0x000022d8     0x1645 s3c64xx.o
 .debug_info    0x0000391d      0x2e2 ok6410_nand_spl.o
 .debug_info    0x00003bff     0x3b49 nand_base.o

.debug_abbrev   0x00000000      0xd54
 .debug_abbrev  0x00000000       0x14 start.o
 .debug_abbrev  0x00000014       0x14 cpu_init.o
 .debug_abbrev  0x00000028      0x2e3 nand_boot.o
 .debug_abbrev  0x0000030b       0x14 lowlevel_init.o
 .debug_abbrev  0x0000031f      0x1e5 nand_ecc.o
 .debug_abbrev  0x00000504      0x280 s3c64xx.o
 .debug_abbrev  0x00000784      0x10a ok6410_nand_spl.o
 .debug_abbrev  0x0000088e      0x4c6 nand_base.o

.debug_aranges  0x00000000      0x318
 .debug_aranges
                0x00000000       0x20 start.o
 .debug_aranges
                0x00000020       0x20 cpu_init.o
 .debug_aranges
                0x00000040       0x30 nand_boot.o
 .debug_aranges
                0x00000070       0x20 lowlevel_init.o
 .debug_aranges
                0x00000090       0x20 nand_ecc.o
 .debug_aranges
                0x000000b0       0x50 s3c64xx.o
 .debug_aranges
                0x00000100       0x20 ok6410_nand_spl.o
 .debug_aranges
                0x00000120      0x1f8 nand_base.o

.debug_frame    0x00000000      0xa44
 .debug_frame   0x00000000       0x80 nand_boot.o
 .debug_frame   0x00000080       0x30 nand_ecc.o
 .debug_frame   0x000000b0       0xa0 s3c64xx.o
 .debug_frame   0x00000150       0x20 ok6410_nand_spl.o
 .debug_frame   0x00000170      0x8d4 nand_base.o

.debug_loc      0x00000000     0x2f14
 .debug_loc     0x00000000      0x20a nand_boot.o
 .debug_loc     0x0000020a      0x10c nand_ecc.o
 .debug_loc     0x00000316      0x21a s3c64xx.o
 .debug_loc     0x00000530       0x13 ok6410_nand_spl.o
 .debug_loc     0x00000543     0x29d1 nand_base.o

.debug_pubnames
                0x00000000      0x172
 .debug_pubnames
                0x00000000       0x20 nand_boot.o
 .debug_pubnames
                0x00000020       0x28 nand_ecc.o
 .debug_pubnames
                0x00000048       0x26 s3c64xx.o
 .debug_pubnames
                0x0000006e       0x23 ok6410_nand_spl.o
 .debug_pubnames
                0x00000091       0xe1 nand_base.o

.debug_ranges   0x00000000      0x530
 .debug_ranges  0x00000000       0x98 nand_boot.o
 .debug_ranges  0x00000098       0x18 nand_ecc.o
 .debug_ranges  0x000000b0       0x48 s3c64xx.o
 .debug_ranges  0x000000f8       0x18 ok6410_nand_spl.o
 .debug_ranges  0x00000110      0x420 nand_base.o

.debug_str      0x00000000     0x10b5
 .debug_str     0x00000000      0x78a nand_boot.o
                                0x961 (size before relaxing)
 .debug_str     0x0000078a       0x37 nand_ecc.o
                                0x5a6 (size before relaxing)
 .debug_str     0x000007c1      0x109 s3c64xx.o
                                0x9ba (size before relaxing)
 .debug_str     0x000008ca       0x28 ok6410_nand_spl.o
                                0x222 (size before relaxing)
 .debug_str     0x000008f2      0x7c3 nand_base.o
                               0x110b (size before relaxing)
